cmsis_os2.c:866:13:TimerCallback	8	static
cmsis_os2.c:174:12:osKernelInitialize	0	static
cmsis_os2.c:195:12:osKernelGetInfo	8	static
cmsis_os2.c:212:17:osKernelGetState	8	static
cmsis_os2.c:237:12:osKernelStart	8	static
cmsis_os2.c:256:9:osKernelLock	8	static
cmsis_os2.c:283:9:osKernelUnlock	8	static
cmsis_os2.c:315:9:osKernelRestoreLock	8	static
cmsis_os2.c:351:10:osKernelGetTickCount	0	static
cmsis_os2.c:363:10:osKernelGetTickFreq	0	static
cmsis_os2.c:367:10:osKernelGetSysTimerCount	8	static
cmsis_os2.c:381:10:osKernelGetSysTimerFreq	0	static
cmsis_os2.c:387:14:osThreadNew	48	static
cmsis_os2.c:453:13:osThreadGetName	0	static
cmsis_os2.c:466:14:osThreadGetId	0	static
cmsis_os2.c:478:17:osThreadGetState	8	static
cmsis_os2.c:500:10:osThreadGetStackSpace	0	static
cmsis_os2.c:513:10:osThreadGetStackSize	0	static
cmsis_os2.c:523:12:osThreadSetPriority	8	static
cmsis_os2.c:541:14:osThreadGetPriority	0	static
cmsis_os2.c:554:12:osThreadYield	0	static
cmsis_os2.c:567:12:osThreadSuspend	8	static
cmsis_os2.c:585:12:osThreadResume	8	static
cmsis_os2.c:603:18:osThreadExit	8	static
cmsis_os2.c:610:12:osThreadTerminate	8	static
cmsis_os2.c:639:10:osThreadGetCount	0	static
cmsis_os2.c:651:10:osThreadEnumerate	24	static
cmsis_os2.c:679:10:osThreadFlagsSet	32	static
cmsis_os2.c:707:10:osThreadFlagsClear	24	static
cmsis_os2.c:737:10:osThreadFlagsGet	16	static
cmsis_os2.c:755:10:osThreadFlagsWait	48	static
cmsis_os2.c:830:12:osDelay	8	static
cmsis_os2.c:847:12:osDelayUntil	16	static
cmsis_os2.c:876:13:osTimerNew	32	static
cmsis_os2.c:934:13:osTimerGetName	0	static
cmsis_os2.c:947:12:osTimerStart	16	static
cmsis_os2.c:968:12:osTimerStop	16	static
cmsis_os2.c:994:10:osTimerIsRunning	0	static
cmsis_os2.c:1007:12:osTimerDelete	24	static
cmsis_os2.c:1038:18:osEventFlagsNew	0	static
cmsis_os2.c:1074:10:osEventFlagsSet	16	static
cmsis_os2.c:1099:10:osEventFlagsClear	16	static
cmsis_os2.c:1120:10:osEventFlagsGet	0	static
cmsis_os2.c:1137:10:osEventFlagsWait	24	static
cmsis_os2.c:1187:12:osEventFlagsDelete	8	static
cmsis_os2.c:1211:13:osMutexNew	16	static
cmsis_os2.c:1290:12:osMutexAcquire	8	static
cmsis_os2.c:1331:12:osMutexRelease	8	static
cmsis_os2.c:1364:14:osMutexGetOwner	0	static
cmsis_os2.c:1379:12:osMutexDelete	8	static
cmsis_os2.c:1408:17:osSemaphoreNew	24	static
cmsis_os2.c:1475:12:osSemaphoreAcquire	16	static
cmsis_os2.c:1512:12:osSemaphoreRelease	16	static
cmsis_os2.c:1584:20:osMessageQueueNew	24	static
cmsis_os2.c:1637:12:osMessageQueuePut	16	static
cmsis_os2.c:1678:12:osMessageQueueGet	16	static
cmsis_os2.c:1719:10:osMessageQueueGetCapacity	0	static
cmsis_os2.c:1733:10:osMessageQueueGetMsgSize	0	static
cmsis_os2.c:1747:10:osMessageQueueGetCount	0	static
cmsis_os2.c:1540:10:osSemaphoreGetCount	0	static
cmsis_os2.c:1764:10:osMessageQueueGetSpace	0	static
cmsis_os2.c:1787:12:osMessageQueueReset	8	static
cmsis_os2.c:1805:12:osMessageQueueDelete	8	static
cmsis_os2.c:1556:12:osSemaphoreDelete	0	static
cmsis_os2.c:1896:6:vApplicationGetIdleTaskMemory	0	static
cmsis_os2.c:1906:6:vApplicationGetTimerTaskMemory	0	static
