Archive member included to satisfy reference by file (symbol)

c:/program files (x86)/atollic/truestudio for stm32 9.3.0/armtools/bin/../lib/gcc/arm-atollic-eabi/6.3.1/../../../../arm-atollic-eabi/lib/armv7e-m/fpu\libc_nano.a(lib_a-errno.o)
                              Src\syscalls.o (__errno)
c:/program files (x86)/atollic/truestudio for stm32 9.3.0/armtools/bin/../lib/gcc/arm-atollic-eabi/6.3.1/../../../../arm-atollic-eabi/lib/armv7e-m/fpu\libc_nano.a(lib_a-impure.o)
                              c:/program files (x86)/atollic/truestudio for stm32 9.3.0/armtools/bin/../lib/gcc/arm-atollic-eabi/6.3.1/../../../../arm-atollic-eabi/lib/armv7e-m/fpu\libc_nano.a(lib_a-errno.o) (_impure_ptr)
c:/program files (x86)/atollic/truestudio for stm32 9.3.0/armtools/bin/../lib/gcc/arm-atollic-eabi/6.3.1/../../../../arm-atollic-eabi/lib/armv7e-m/fpu\libc_nano.a(lib_a-init.o)
                              startup\startup_stm32f407xx.o (__libc_init_array)
c:/program files (x86)/atollic/truestudio for stm32 9.3.0/armtools/bin/../lib/gcc/arm-atollic-eabi/6.3.1/../../../../arm-atollic-eabi/lib/armv7e-m/fpu\libc_nano.a(lib_a-memcpy-stub.o)
                              Middlewares\Third_Party\FreeRTOS\Source\CMSIS_RTOS_V2\cmsis_os2.o (memcpy)
c:/program files (x86)/atollic/truestudio for stm32 9.3.0/armtools/bin/../lib/gcc/arm-atollic-eabi/6.3.1/../../../../arm-atollic-eabi/lib/armv7e-m/fpu\libc_nano.a(lib_a-memset.o)
                              Middlewares\Third_Party\FreeRTOS\Source\stream_buffer.o (memset)
c:/program files (x86)/atollic/truestudio for stm32 9.3.0/armtools/bin/../lib/gcc/arm-atollic-eabi/6.3.1/armv7e-m/fpu\libgcc.a(_aeabi_uldivmod.o)
                              Drivers\STM32F4xx_HAL_Driver\Src\stm32f4xx_hal_rcc.o (__aeabi_uldivmod)
c:/program files (x86)/atollic/truestudio for stm32 9.3.0/armtools/bin/../lib/gcc/arm-atollic-eabi/6.3.1/armv7e-m/fpu\libgcc.a(_udivmoddi4.o)
                              c:/program files (x86)/atollic/truestudio for stm32 9.3.0/armtools/bin/../lib/gcc/arm-atollic-eabi/6.3.1/armv7e-m/fpu\libgcc.a(_aeabi_uldivmod.o) (__udivmoddi4)
c:/program files (x86)/atollic/truestudio for stm32 9.3.0/armtools/bin/../lib/gcc/arm-atollic-eabi/6.3.1/armv7e-m/fpu\libgcc.a(_dvmd_tls.o)
                              c:/program files (x86)/atollic/truestudio for stm32 9.3.0/armtools/bin/../lib/gcc/arm-atollic-eabi/6.3.1/armv7e-m/fpu\libgcc.a(_aeabi_uldivmod.o) (__aeabi_ldiv0)

Allocating common symbols
Common symbol       size              file

uwTick              0x4               Drivers\STM32F4xx_HAL_Driver\Src\stm32f4xx_hal.o
xQueueRegistry      0x40              Middlewares\Third_Party\FreeRTOS\Source\queue.o
pFlash              0x20              Drivers\STM32F4xx_HAL_Driver\Src\stm32f4xx_hal_flash.o
Task1Handle         0x4               Src\main.o
Task2Handle         0x4               Src\main.o
htim7               0x40              Src\stm32f4xx_hal_timebase_tim.o

Discarded input sections

 .text          0x00000000        0x0 c:/program files (x86)/atollic/truestudio for stm32 9.3.0/armtools/bin/../lib/gcc/arm-atollic-eabi/6.3.1/armv7e-m/fpu/crti.o
 .data          0x00000000        0x0 c:/program files (x86)/atollic/truestudio for stm32 9.3.0/armtools/bin/../lib/gcc/arm-atollic-eabi/6.3.1/armv7e-m/fpu/crti.o
 .bss           0x00000000        0x0 c:/program files (x86)/atollic/truestudio for stm32 9.3.0/armtools/bin/../lib/gcc/arm-atollic-eabi/6.3.1/armv7e-m/fpu/crti.o
 .data          0x00000000        0x4 c:/program files (x86)/atollic/truestudio for stm32 9.3.0/armtools/bin/../lib/gcc/arm-atollic-eabi/6.3.1/armv7e-m/fpu/crtbegin.o
 .text          0x00000000        0x0 Drivers\STM32F4xx_HAL_Driver\Src\stm32f4xx_hal.o
 .data          0x00000000        0x0 Drivers\STM32F4xx_HAL_Driver\Src\stm32f4xx_hal.o
 .bss           0x00000000        0x0 Drivers\STM32F4xx_HAL_Driver\Src\stm32f4xx_hal.o
 .text.HAL_MspInit
                0x00000000        0x2 Drivers\STM32F4xx_HAL_Driver\Src\stm32f4xx_hal.o
 .text.HAL_MspDeInit
                0x00000000        0x2 Drivers\STM32F4xx_HAL_Driver\Src\stm32f4xx_hal.o
 .text.HAL_DeInit
                0x00000000       0x2c Drivers\STM32F4xx_HAL_Driver\Src\stm32f4xx_hal.o
 .text.HAL_InitTick
                0x00000000       0x48 Drivers\STM32F4xx_HAL_Driver\Src\stm32f4xx_hal.o
 .text.HAL_GetTickPrio
                0x00000000        0xc Drivers\STM32F4xx_HAL_Driver\Src\stm32f4xx_hal.o
 .text.HAL_SetTickFreq
                0x00000000       0x28 Drivers\STM32F4xx_HAL_Driver\Src\stm32f4xx_hal.o
 .text.HAL_GetTickFreq
                0x00000000        0xc Drivers\STM32F4xx_HAL_Driver\Src\stm32f4xx_hal.o
 .text.HAL_Delay
                0x00000000       0x28 Drivers\STM32F4xx_HAL_Driver\Src\stm32f4xx_hal.o
 .text.HAL_SuspendTick
                0x00000000       0x10 Drivers\STM32F4xx_HAL_Driver\Src\stm32f4xx_hal.o
 .text.HAL_ResumeTick
                0x00000000       0x10 Drivers\STM32F4xx_HAL_Driver\Src\stm32f4xx_hal.o
 .text.HAL_GetHalVersion
[...]
Memory Configuration

Name             Origin             Length             Attributes
RAM              0x20000000         0x00020000         xrw
CCMRAM           0x10000000         0x00010000         rw
FLASH            0x08000000         0x00100000         xr
*default*        0x00000000         0xffffffff

Linker script and memory map

LOAD c:/program files (x86)/atollic/truestudio for stm32 9.3.0/armtools/bin/../lib/gcc/arm-atollic-eabi/6.3.1/armv7e-m/fpu/crti.o
LOAD c:/program files (x86)/atollic/truestudio for stm32 9.3.0/armtools/bin/../lib/gcc/arm-atollic-eabi/6.3.1/armv7e-m/fpu/crtbegin.o
LOAD Drivers\STM32F4xx_HAL_Driver\Src\stm32f4xx_hal.o
LOAD Drivers\STM32F4xx_HAL_Driver\Src\stm32f4xx_hal_cortex.o
LOAD Drivers\STM32F4xx_HAL_Driver\Src\stm32f4xx_hal_dma.o
LOAD Drivers\STM32F4xx_HAL_Driver\Src\stm32f4xx_hal_dma_ex.o
LOAD Drivers\STM32F4xx_HAL_Driver\Src\stm32f4xx_hal_exti.o
LOAD Drivers\STM32F4xx_HAL_Driver\Src\stm32f4xx_hal_flash.o
LOAD Drivers\STM32F4xx_HAL_Driver\Src\stm32f4xx_hal_flash_ex.o
LOAD Drivers\STM32F4xx_HAL_Driver\Src\stm32f4xx_hal_flash_ramfunc.o
LOAD Drivers\STM32F4xx_HAL_Driver\Src\stm32f4xx_hal_gpio.o
LOAD Drivers\STM32F4xx_HAL_Driver\Src\stm32f4xx_hal_pwr.o
LOAD Drivers\STM32F4xx_HAL_Driver\Src\stm32f4xx_hal_pwr_ex.o
LOAD Drivers\STM32F4xx_HAL_Driver\Src\stm32f4xx_hal_rcc.o
LOAD Drivers\STM32F4xx_HAL_Driver\Src\stm32f4xx_hal_rcc_ex.o
LOAD Drivers\STM32F4xx_HAL_Driver\Src\stm32f4xx_hal_tim.o
LOAD Drivers\STM32F4xx_HAL_Driver\Src\stm32f4xx_hal_tim_ex.o
LOAD Middlewares\Third_Party\FreeRTOS\Source\CMSIS_RTOS_V2\cmsis_os2.o
LOAD Middlewares\Third_Party\FreeRTOS\Source\croutine.o
LOAD Middlewares\Third_Party\FreeRTOS\Source\event_groups.o
LOAD Middlewares\Third_Party\FreeRTOS\Source\list.o
LOAD Middlewares\Third_Party\FreeRTOS\Source\portable\GCC\ARM_CM4F\port.o
LOAD Middlewares\Third_Party\FreeRTOS\Source\portable\MemMang\heap_4.o
LOAD Middlewares\Third_Party\FreeRTOS\Source\queue.o
LOAD Middlewares\Third_Party\FreeRTOS\Source\stream_buffer.o
LOAD Middlewares\Third_Party\FreeRTOS\Source\tasks.o
LOAD Middlewares\Third_Party\FreeRTOS\Source\timers.o
LOAD Src\freertos.o
LOAD Src\main.o
LOAD Src\stm32f4xx_hal_msp.o
LOAD Src\stm32f4xx_hal_timebase_tim.o
LOAD Src\stm32f4xx_it.o
LOAD Src\syscalls.o
LOAD Src\system_stm32f4xx.o
LOAD startup\startup_stm32f407xx.o
                0x00000080                malloc_getpagesize_P = 0x80
START GROUP
LOAD c:/program files (x86)/atollic/truestudio for stm32 9.3.0/armtools/bin/../lib/gcc/arm-atollic-eabi/6.3.1/../../../../arm-atollic-eabi/lib/armv7e-m/fpu\libc_nano.a
LOAD c:/program files (x86)/atollic/truestudio for stm32 9.3.0/armtools/bin/../lib/gcc/arm-atollic-eabi/6.3.1/../../../../arm-atollic-eabi/lib/armv7e-m/fpu\libm.a
END GROUP
START GROUP
LOAD c:/program files (x86)/atollic/truestudio for stm32 9.3.0/armtools/bin/../lib/gcc/arm-atollic-eabi/6.3.1/armv7e-m/fpu\libgcc.a
LOAD c:/program files (x86)/atollic/truestudio for stm32 9.3.0/armtools/bin/../lib/gcc/arm-atollic-eabi/6.3.1/../../../../arm-atollic-eabi/lib/armv7e-m/fpu\libc_nano.a
END GROUP
START GROUP
LOAD c:/program files (x86)/atollic/truestudio for stm32 9.3.0/armtools/bin/../lib/gcc/arm-atollic-eabi/6.3.1/armv7e-m/fpu\libgcc.a
LOAD c:/program files (x86)/atollic/truestudio for stm32 9.3.0/armtools/bin/../lib/gcc/arm-atollic-eabi/6.3.1/../../../../arm-atollic-eabi/lib/armv7e-m/fpu\libc_nano.a
LOAD c:/program files (x86)/atollic/truestudio for stm32 9.3.0/armtools/bin/../lib/gcc/arm-atollic-eabi/6.3.1/../../../../arm-atollic-eabi/lib/armv7e-m/fpu\libnosys.a
END GROUP
START GROUP
LOAD c:/program files (x86)/atollic/truestudio for stm32 9.3.0/armtools/bin/../lib/gcc/arm-atollic-eabi/6.3.1/armv7e-m/fpu\libgcc.a
LOAD c:/program files (x86)/atollic/truestudio for stm32 9.3.0/armtools/bin/../lib/gcc/arm-atollic-eabi/6.3.1/../../../../arm-atollic-eabi/lib/armv7e-m/fpu\libc_nano.a
LOAD c:/program files (x86)/atollic/truestudio for stm32 9.3.0/armtools/bin/../lib/gcc/arm-atollic-eabi/6.3.1/../../../../arm-atollic-eabi/lib/armv7e-m/fpu\libnosys.a
END GROUP
LOAD c:/program files (x86)/atollic/truestudio for stm32 9.3.0/armtools/bin/../lib/gcc/arm-atollic-eabi/6.3.1/armv7e-m/fpu/crtend.o
LOAD c:/program files (x86)/atollic/truestudio for stm32 9.3.0/armtools/bin/../lib/gcc/arm-atollic-eabi/6.3.1/armv7e-m/fpu/crtn.o
                0x20020000                _estack = 0x20020000
                0x00000200                _Min_Heap_Size = 0x200
                0x00000400                _Min_Stack_Size = 0x400

.isr_vector     0x08000000      0x188
                0x08000000                . = ALIGN (0x4)
 *(.isr_vector)
 .isr_vector    0x08000000      0x188 startup\startup_stm32f407xx.o
                0x08000000                g_pfnVectors
                0x08000188                . = ALIGN (0x4)

.text           0x08000190     0x2bf8
                0x08000190                . = ALIGN (0x4)
 *(.text)
 .text          0x08000190       0x40 c:/program files (x86)/atollic/truestudio for stm32 9.3.0/armtools/bin/../lib/gcc/arm-atollic-eabi/6.3.1/armv7e-m/fpu/crtbegin.o
 .text          0x080001d0       0x30 c:/program files (x86)/atollic/truestudio for stm32 9.3.0/armtools/bin/../lib/gcc/arm-atollic-eabi/6.3.1/armv7e-m/fpu\libgcc.a(_aeabi_uldivmod.o)
                0x080001d0                __aeabi_uldivmod
 .text          0x08000200      0x2dc c:/program files (x86)/atollic/truestudio for stm32 9.3.0/armtools/bin/../lib/gcc/arm-atollic-eabi/6.3.1/armv7e-m/fpu\libgcc.a(_udivmoddi4.o)
                0x08000200                __udivmoddi4
 .text          0x080004dc        0x4 c:/program files (x86)/atollic/truestudio for stm32 9.3.0/armtools/bin/../lib/gcc/arm-atollic-eabi/6.3.1/armv7e-m/fpu\libgcc.a(_dvmd_tls.o)
                0x080004dc                __aeabi_idiv0
                0x080004dc                __aeabi_ldiv0
 *(.text*)
 .text.HAL_Init
                0x080004e0       0x34 Drivers\STM32F4xx_HAL_Driver\Src\stm32f4xx_hal.o
                0x080004e0                HAL_Init
 .text.HAL_IncTick
                0x08000514       0x18 Drivers\STM32F4xx_HAL_Driver\Src\stm32f4xx_hal.o
                0x08000514                HAL_IncTick
 .text.HAL_GetTick
                0x0800052c        0xc Drivers\STM32F4xx_HAL_Driver\Src\stm32f4xx_hal.o
                0x0800052c                HAL_GetTick
 .text.HAL_NVIC_SetPriorityGrouping
                0x08000538       0x24 Drivers\STM32F4xx_HAL_Driver\Src\stm32f4xx_hal_cortex.o
                0x08000538                HAL_NVIC_SetPriorityGrouping
 .text.HAL_NVIC_SetPriority
                0x0800055c       0x68 Drivers\STM32F4xx_HAL_Driver\Src\stm32f4xx_hal_cortex.o
                0x0800055c                HAL_NVIC_SetPriority
 .text.HAL_NVIC_EnableIRQ
                0x080005c4       0x1c Drivers\STM32F4xx_HAL_Driver\Src\stm32f4xx_hal_cortex.o
                0x080005c4                HAL_NVIC_EnableIRQ
 .text.HAL_GPIO_Init
                0x080005e0      0x1c0 Drivers\STM32F4xx_HAL_Driver\Src\stm32f4xx_hal_gpio.o
                0x080005e0                HAL_GPIO_Init
 .text.HAL_GPIO_WritePin
                0x080007a0        0xa Drivers\STM32F4xx_HAL_Driver\Src\stm32f4xx_hal_gpio.o
                0x080007a0                HAL_GPIO_WritePin
 .text.HAL_GPIO_TogglePin
                0x080007aa        0xe Drivers\STM32F4xx_HAL_Driver\Src\stm32f4xx_hal_gpio.o
                0x080007aa                HAL_GPIO_TogglePin
 .text.HAL_RCC_OscConfig
                0x080007b8      0x34c Drivers\STM32F4xx_HAL_Driver\Src\stm32f4xx_hal_rcc.o
                0x080007b8                HAL_RCC_OscConfig
 .text.HAL_RCC_GetSysClockFreq
                0x08000b04       0x5c Drivers\STM32F4xx_HAL_Driver\Src\stm32f4xx_hal_rcc.o
                0x08000b04                HAL_RCC_GetSysClockFreq
 .text.HAL_RCC_ClockConfig
                0x08000b60      0x138 Drivers\STM32F4xx_HAL_Driver\Src\stm32f4xx_hal_rcc.o
                0x08000b60                HAL_RCC_ClockConfig
 .text.HAL_RCC_GetPCLK1Freq
                0x08000c98       0x20 Drivers\STM32F4xx_HAL_Driver\Src\stm32f4xx_hal_rcc.o
                0x08000c98                HAL_RCC_GetPCLK1Freq
 .text.HAL_RCC_GetClockConfig
                0x08000cb8       0x3c Drivers\STM32F4xx_HAL_Driver\Src\stm32f4xx_hal_rcc.o
                0x08000cb8                HAL_RCC_GetClockConfig
 .text.HAL_TIM_Base_MspInit
                0x08000cf4        0x2 Drivers\STM32F4xx_HAL_Driver\Src\stm32f4xx_hal_tim.o
                0x08000cf4                HAL_TIM_Base_MspInit
 .text.HAL_TIM_Base_Start_IT
                0x08000cf6       0x20 Drivers\STM32F4xx_HAL_Driver\Src\stm32f4xx_hal_tim.o
                0x08000cf6                HAL_TIM_Base_Start_IT
 .text.HAL_TIM_OC_DelayElapsedCallback
                0x08000d16        0x2 Drivers\STM32F4xx_HAL_Driver\Src\stm32f4xx_hal_tim.o
                0x08000d16                HAL_TIM_OC_DelayElapsedCallback
 .text.HAL_TIM_IC_CaptureCallback
                0x08000d18        0x2 Drivers\STM32F4xx_HAL_Driver\Src\stm32f4xx_hal_tim.o
                0x08000d18                HAL_TIM_IC_CaptureCallback
 .text.HAL_TIM_PWM_PulseFinishedCallback
                0x08000d1a        0x2 Drivers\STM32F4xx_HAL_Driver\Src\stm32f4xx_hal_tim.o
                0x08000d1a                HAL_TIM_PWM_PulseFinishedCallback
 .text.HAL_TIM_TriggerCallback
                0x08000d1c        0x2 Drivers\STM32F4xx_HAL_Driver\Src\stm32f4xx_hal_tim.o
                0x08000d1c                HAL_TIM_TriggerCallback
 .text.HAL_TIM_IRQHandler
                0x08000d1e      0x144 Drivers\STM32F4xx_HAL_Driver\Src\stm32f4xx_hal_tim.o
                0x08000d1e                HAL_TIM_IRQHandler
 *fill*         0x08000e62        0x2 
 .text.TIM_Base_SetConfig
                0x08000e64       0xcc Drivers\STM32F4xx_HAL_Driver\Src\stm32f4xx_hal_tim.o
                0x08000e64                TIM_Base_SetConfig
 .text.HAL_TIM_Base_Init
                0x08000f30       0x34 Drivers\STM32F4xx_HAL_Driver\Src\stm32f4xx_hal_tim.o
                0x08000f30                HAL_TIM_Base_Init
 .text.HAL_TIMEx_CommutCallback
                0x08000f64        0x2 Drivers\STM32F4xx_HAL_Driver\Src\stm32f4xx_hal_tim_ex.o
                0x08000f64                HAL_TIMEx_CommutCallback
 .text.HAL_TIMEx_BreakCallback
                0x08000f66        0x2 Drivers\STM32F4xx_HAL_Driver\Src\stm32f4xx_hal_tim_ex.o
                0x08000f66                HAL_TIMEx_BreakCallback
 .text.osKernelInitialize
                0x08000f68       0x38 Middlewares\Third_Party\FreeRTOS\Source\CMSIS_RTOS_V2\cmsis_os2.o
                0x08000f68                osKernelInitialize
 .text.osKernelStart
                0x08000fa0       0x40 Middlewares\Third_Party\FreeRTOS\Source\CMSIS_RTOS_V2\cmsis_os2.o
                0x08000fa0                osKernelStart
 .text.osThreadNew
                0x08000fe0       0xc0 Middlewares\Third_Party\FreeRTOS\Source\CMSIS_RTOS_V2\cmsis_os2.o
                0x08000fe0                osThreadNew
 .text.osDelay  0x080010a0       0x34 Middlewares\Third_Party\FreeRTOS\Source\CMSIS_RTOS_V2\cmsis_os2.o
                0x080010a0                osDelay
 .text.vApplicationGetIdleTaskMemory
                0x080010d4       0x18 Middlewares\Third_Party\FreeRTOS\Source\CMSIS_RTOS_V2\cmsis_os2.o
                0x080010d4                vApplicationGetIdleTaskMemory
 .text.vApplicationGetTimerTaskMemory
                0x080010ec       0x18 Middlewares\Third_Party\FreeRTOS\Source\CMSIS_RTOS_V2\cmsis_os2.o
                0x080010ec                vApplicationGetTimerTaskMemory
 .text.vListInitialise
                0x08001104       0x16 Middlewares\Third_Party\FreeRTOS\Source\list.o
                0x08001104                vListInitialise
 .text.vListInitialiseItem
                0x0800111a        0x6 Middlewares\Third_Party\FreeRTOS\Source\list.o
                0x0800111a                vListInitialiseItem
 .text.vListInsertEnd
                0x08001120       0x18 Middlewares\Third_Party\FreeRTOS\Source\list.o
                0x08001120                vListInsertEnd
 .text.vListInsert
                0x08001138       0x2e Middlewares\Third_Party\FreeRTOS\Source\list.o
                0x08001138                vListInsert
 .text.uxListRemove
                0x08001166       0x22 Middlewares\Third_Party\FreeRTOS\Source\list.o
                0x08001166                uxListRemove
 .text.prvTaskExitError
                0x08001188       0x40 Middlewares\Third_Party\FreeRTOS\Source\portable\GCC\ARM_CM4F\port.o
 .text.unlikely.prvPortStartFirstTask
                0x080011c8       0x28 Middlewares\Third_Party\FreeRTOS\Source\portable\GCC\ARM_CM4F\port.o
 .text.unlikely.vPortEnableVFP
                0x080011f0       0x14 Middlewares\Third_Party\FreeRTOS\Source\portable\GCC\ARM_CM4F\port.o
 .text.pxPortInitialiseStack
                0x08001204       0x2c Middlewares\Third_Party\FreeRTOS\Source\portable\GCC\ARM_CM4F\port.o
                0x08001204                pxPortInitialiseStack
 .text.SVC_Handler
                0x08001230       0x24 Middlewares\Third_Party\FreeRTOS\Source\portable\GCC\ARM_CM4F\port.o
                0x08001230                SVC_Handler
 .text.vPortEnterCritical
                0x08001254       0x44 Middlewares\Third_Party\FreeRTOS\Source\portable\GCC\ARM_CM4F\port.o
                0x08001254                vPortEnterCritical
 .text.vPortExitCritical
                0x08001298       0x28 Middlewares\Third_Party\FreeRTOS\Source\portable\GCC\ARM_CM4F\port.o
                0x08001298                vPortExitCritical
 .text.PendSV_Handler
                0x080012c0       0x64 Middlewares\Third_Party\FreeRTOS\Source\portable\GCC\ARM_CM4F\port.o
                0x080012c0                PendSV_Handler
 .text.SysTick_Handler
                0x08001324       0x2c Middlewares\Third_Party\FreeRTOS\Source\portable\GCC\ARM_CM4F\port.o
                0x08001324                SysTick_Handler
 .text.vPortSetupTimerInterrupt
                0x08001350       0x34 Middlewares\Third_Party\FreeRTOS\Source\portable\GCC\ARM_CM4F\port.o
                0x08001350                vPortSetupTimerInterrupt
 .text.xPortStartScheduler
                0x08001384      0x10c Middlewares\Third_Party\FreeRTOS\Source\portable\GCC\ARM_CM4F\port.o
                0x08001384                xPortStartScheduler
 .text.vPortValidateInterruptPriority
                0x08001490       0x5c Middlewares\Third_Party\FreeRTOS\Source\portable\GCC\ARM_CM4F\port.o
                0x08001490                vPortValidateInterruptPriority
 .text.unlikely.prvInsertBlockIntoFreeList
                0x080014ec       0x48 Middlewares\Third_Party\FreeRTOS\Source\portable\MemMang\heap_4.o
 .text.pvPortMalloc
                0x08001534      0x11c Middlewares\Third_Party\FreeRTOS\Source\portable\MemMang\heap_4.o
                0x08001534                pvPortMalloc
 .text.vPortFree
                0x08001650       0x70 Middlewares\Third_Party\FreeRTOS\Source\portable\MemMang\heap_4.o
                0x08001650                vPortFree
 .text.prvIsQueueEmpty
                0x080016c0       0x16 Middlewares\Third_Party\FreeRTOS\Source\queue.o
 .text.unlikely.prvCopyDataToQueue
                0x080016d6       0x66 Middlewares\Third_Party\FreeRTOS\Source\queue.o
 .text.unlikely.prvCopyDataFromQueue
                0x0800173c       0x2a Middlewares\Third_Party\FreeRTOS\Source\queue.o
 .text.prvUnlockQueue
                0x08001766       0x70 Middlewares\Third_Party\FreeRTOS\Source\queue.o
 *fill*         0x080017d6        0x2 
 .text.xQueueGenericReset
                0x080017d8       0x80 Middlewares\Third_Party\FreeRTOS\Source\queue.o
                0x080017d8                xQueueGenericReset
 .text.xQueueGenericCreateStatic
                0x08001858       0x92 Middlewares\Third_Party\FreeRTOS\Source\queue.o
                0x08001858                xQueueGenericCreateStatic
 *fill*         0x080018ea        0x2 
 .text.xQueueGenericSend
                0x080018ec      0x16c Middlewares\Third_Party\FreeRTOS\Source\queue.o
                0x080018ec                xQueueGenericSend
 .text.xQueueGenericSendFromISR
                0x08001a58       0xc4 Middlewares\Third_Party\FreeRTOS\Source\queue.o
                0x08001a58                xQueueGenericSendFromISR
 .text.xQueueReceive
                0x08001b1c      0x148 Middlewares\Third_Party\FreeRTOS\Source\queue.o
                0x08001b1c                xQueueReceive
 .text.vQueueAddToRegistry
                0x08001c64       0x24 Middlewares\Third_Party\FreeRTOS\Source\queue.o
                0x08001c64                vQueueAddToRegistry
 .text.vQueueWaitForMessageRestricted
                0x08001c88       0x46 Middlewares\Third_Party\FreeRTOS\Source\queue.o
                0x08001c88                vQueueWaitForMessageRestricted
 *fill*         0x08001cce        0x2 
 .text.prvAddNewTaskToReadyList
                0x08001cd0       0xf8 Middlewares\Third_Party\FreeRTOS\Source\tasks.o
 .text.prvResetNextTaskUnblockTime
                0x08001dc8       0x24 Middlewares\Third_Party\FreeRTOS\Source\tasks.o
 .text.prvInitialiseNewTask.isra.2
                0x08001dec       0x82 Middlewares\Third_Party\FreeRTOS\Source\tasks.o
 .text.prvDeleteTCB
                0x08001e6e       0x36 Middlewares\Third_Party\FreeRTOS\Source\tasks.o
 .text.prvIdleTask
                0x08001ea4       0x64 Middlewares\Third_Party\FreeRTOS\Source\tasks.o
 .text.prvAddCurrentTaskToDelayedList
                0x08001f08       0x74 Middlewares\Third_Party\FreeRTOS\Source\tasks.o
 .text.xTaskCreateStatic
                0x08001f7c       0x6e Middlewares\Third_Party\FreeRTOS\Source\tasks.o
                0x08001f7c                xTaskCreateStatic
 .text.xTaskCreate
                0x08001fea       0x5a Middlewares\Third_Party\FreeRTOS\Source\tasks.o
                0x08001fea                xTaskCreate
 .text.vTaskStartScheduler
                0x08002044       0x88 Middlewares\Third_Party\FreeRTOS\Source\tasks.o
                0x08002044                vTaskStartScheduler
 .text.vTaskSuspendAll
                0x080020cc       0x10 Middlewares\Third_Party\FreeRTOS\Source\tasks.o
                0x080020cc                vTaskSuspendAll
 .text.xTaskGetTickCount
                0x080020dc        0xc Middlewares\Third_Party\FreeRTOS\Source\tasks.o
                0x080020dc                xTaskGetTickCount
 .text.xTaskIncrementTick
                0x080020e8      0x120 Middlewares\Third_Party\FreeRTOS\Source\tasks.o
                0x080020e8                xTaskIncrementTick
 .text.xTaskResumeAll
                0x08002208       0xe8 Middlewares\Third_Party\FreeRTOS\Source\tasks.o
                0x08002208                xTaskResumeAll
 .text.vTaskDelay
                0x080022f0       0x48 Middlewares\Third_Party\FreeRTOS\Source\tasks.o
                0x080022f0                vTaskDelay
 .text.vTaskSwitchContext
                0x08002338       0x78 Middlewares\Third_Party\FreeRTOS\Source\tasks.o
                0x08002338                vTaskSwitchContext
 .text.vTaskPlaceOnEventList
                0x080023b0       0x34 Middlewares\Third_Party\FreeRTOS\Source\tasks.o
                0x080023b0                vTaskPlaceOnEventList
 .text.vTaskPlaceOnEventListRestricted
                0x080023e4       0x3c Middlewares\Third_Party\FreeRTOS\Source\tasks.o
                0x080023e4                vTaskPlaceOnEventListRestricted
 .text.xTaskRemoveFromEventList
                0x08002420       0x80 Middlewares\Third_Party\FreeRTOS\Source\tasks.o
                0x08002420                xTaskRemoveFromEventList
 .text.vTaskInternalSetTimeOutState
                0x080024a0       0x18 Middlewares\Third_Party\FreeRTOS\Source\tasks.o
                0x080024a0                vTaskInternalSetTimeOutState
 .text.xTaskCheckForTimeOut
                0x080024b8       0x78 Middlewares\Third_Party\FreeRTOS\Source\tasks.o
                0x080024b8                xTaskCheckForTimeOut
 .text.vTaskMissedYield
                0x08002530        0xc Middlewares\Third_Party\FreeRTOS\Source\tasks.o
                0x08002530                vTaskMissedYield
 .text.xTaskGetSchedulerState
                0x0800253c       0x20 Middlewares\Third_Party\FreeRTOS\Source\tasks.o
                0x0800253c                xTaskGetSchedulerState
 .text.xTaskPriorityDisinherit
                0x0800255c       0x84 Middlewares\Third_Party\FreeRTOS\Source\tasks.o
                0x0800255c                xTaskPriorityDisinherit
 .text.prvCheckForValidListAndQueue
                0x080025e0       0x68 Middlewares\Third_Party\FreeRTOS\Source\timers.o
 .text.prvInsertTimerInActiveList
                0x08002648       0x3c Middlewares\Third_Party\FreeRTOS\Source\timers.o
 .text.xTimerCreateTimerTask
                0x08002684       0x68 Middlewares\Third_Party\FreeRTOS\Source\timers.o
                0x08002684                xTimerCreateTimerTask
 .text.xTimerGenericCommand
                0x080026ec       0x58 Middlewares\Third_Party\FreeRTOS\Source\timers.o
                0x080026ec                xTimerGenericCommand
 .text.prvSwitchTimerLists
                0x08002744       0x7c Middlewares\Third_Party\FreeRTOS\Source\timers.o
 .text.prvTimerTask
                0x080027c0      0x1d4 Middlewares\Third_Party\FreeRTOS\Source\timers.o
 .text.R_Task1  0x08002994       0x1c Src\main.o
                0x08002994                R_Task1
 .text.R_Task2  0x080029b0       0x1c Src\main.o
                0x080029b0                R_Task2
 .text.SystemClock_Config
                0x080029cc       0x98 Src\main.o
                0x080029cc                SystemClock_Config
 .text.startup.main
                0x08002a64      0x140 Src\main.o
                0x08002a64                main
 .text.HAL_TIM_PeriodElapsedCallback
                0x08002ba4       0x14 Src\main.o
                0x08002ba4                HAL_TIM_PeriodElapsedCallback
 .text.HAL_MspInit
                0x08002bb8       0x44 Src\stm32f4xx_hal_msp.o
                0x08002bb8                HAL_MspInit
 .text.HAL_InitTick
                0x08002bfc       0x7c Src\stm32f4xx_hal_timebase_tim.o
                0x08002bfc                HAL_InitTick
 .text.NMI_Handler
                0x08002c78        0x2 Src\stm32f4xx_it.o
                0x08002c78                NMI_Handler
 .text.HardFault_Handler
                0x08002c7a        0x2 Src\stm32f4xx_it.o
                0x08002c7a                HardFault_Handler
 .text.MemManage_Handler
                0x08002c7c        0x2 Src\stm32f4xx_it.o
                0x08002c7c                MemManage_Handler
 .text.BusFault_Handler
                0x08002c7e        0x2 Src\stm32f4xx_it.o
                0x08002c7e                BusFault_Handler
 .text.UsageFault_Handler
                0x08002c80        0x2 Src\stm32f4xx_it.o
                0x08002c80                UsageFault_Handler
 .text.DebugMon_Handler
                0x08002c82        0x2 Src\stm32f4xx_it.o
                0x08002c82                DebugMon_Handler
 .text.TIM7_IRQHandler
                0x08002c84        0xc Src\stm32f4xx_it.o
                0x08002c84                TIM7_IRQHandler
 .text.SystemInit
                0x08002c90       0x1c Src\system_stm32f4xx.o
                0x08002c90                SystemInit
 .text.Reset_Handler
                0x08002cac       0x50 startup\startup_stm32f407xx.o
                0x08002cac                Reset_Handler
 .text.Default_Handler
                0x08002cfc        0x2 startup\startup_stm32f407xx.o
                0x08002cfc                RTC_Alarm_IRQHandler
                0x08002cfc                HASH_RNG_IRQHandler
                0x08002cfc                EXTI2_IRQHandler
                0x08002cfc                TIM8_CC_IRQHandler
                0x08002cfc                TIM1_CC_IRQHandler
                0x08002cfc                DMA2_Stream5_IRQHandler
                0x08002cfc                DMA1_Stream5_IRQHandler
                0x08002cfc                PVD_IRQHandler
                0x08002cfc                SDIO_IRQHandler
                0x08002cfc                TAMP_STAMP_IRQHandler
                0x08002cfc                CAN2_RX1_IRQHandler
                0x08002cfc                EXTI3_IRQHandler
                0x08002cfc                TIM8_TRG_COM_TIM14_IRQHandler
                0x08002cfc                TIM1_UP_TIM10_IRQHandler
                0x08002cfc                TIM8_UP_TIM13_IRQHandler
                0x08002cfc                I2C3_ER_IRQHandler
                0x08002cfc                EXTI0_IRQHandler
                0x08002cfc                I2C2_EV_IRQHandler
                0x08002cfc                DMA1_Stream2_IRQHandler
                0x08002cfc                CAN1_RX0_IRQHandler
                0x08002cfc                FPU_IRQHandler
                0x08002cfc                OTG_HS_WKUP_IRQHandler
                0x08002cfc                CAN2_SCE_IRQHandler
                0x08002cfc                DMA2_Stream2_IRQHandler
                0x08002cfc                SPI1_IRQHandler
                0x08002cfc                TIM6_DAC_IRQHandler
                0x08002cfc                TIM1_BRK_TIM9_IRQHandler
                0x08002cfc                DCMI_IRQHandler
                0x08002cfc                CAN2_RX0_IRQHandler
                0x08002cfc                DMA2_Stream3_IRQHandler
                0x08002cfc                USART6_IRQHandler
                0x08002cfc                USART3_IRQHandler
                0x08002cfc                CAN1_RX1_IRQHandler
                0x08002cfc                UART5_IRQHandler
                0x08002cfc                DMA2_Stream0_IRQHandler
                0x08002cfc                TIM4_IRQHandler
                0x08002cfc                I2C1_EV_IRQHandler
                0x08002cfc                DMA1_Stream6_IRQHandler
                0x08002cfc                DMA1_Stream1_IRQHandler
                0x08002cfc                UART4_IRQHandler
                0x08002cfc                TIM3_IRQHandler
                0x08002cfc                RCC_IRQHandler
                0x08002cfc                TIM8_BRK_TIM12_IRQHandler
                0x08002cfc                Default_Handler
                0x08002cfc                EXTI15_10_IRQHandler
                0x08002cfc                ADC_IRQHandler
                0x08002cfc                DMA1_Stream7_IRQHandler
                0x08002cfc                CAN2_TX_IRQHandler
                0x08002cfc                TIM5_IRQHandler
                0x08002cfc                DMA2_Stream7_IRQHandler
                0x08002cfc                I2C3_EV_IRQHandler
                0x08002cfc                EXTI9_5_IRQHandler
                0x08002cfc                RTC_WKUP_IRQHandler
                0x08002cfc                ETH_WKUP_IRQHandler
                0x08002cfc                SPI2_IRQHandler
                0x08002cfc                OTG_HS_EP1_IN_IRQHandler
                0x08002cfc                DMA1_Stream0_IRQHandler
                0x08002cfc                CAN1_TX_IRQHandler
                0x08002cfc                EXTI4_IRQHandler
                0x08002cfc                FSMC_IRQHandler
                0x08002cfc                ETH_IRQHandler
                0x08002cfc                OTG_HS_EP1_OUT_IRQHandler
                0x08002cfc                WWDG_IRQHandler
                0x08002cfc                TIM2_IRQHandler
                0x08002cfc                OTG_FS_WKUP_IRQHandler
                0x08002cfc                TIM1_TRG_COM_TIM11_IRQHandler
                0x08002cfc                OTG_HS_IRQHandler
                0x08002cfc                EXTI1_IRQHandler
                0x08002cfc                USART2_IRQHandler
                0x08002cfc                I2C2_ER_IRQHandler
                0x08002cfc                DMA2_Stream1_IRQHandler
                0x08002cfc                CAN1_SCE_IRQHandler
                0x08002cfc                FLASH_IRQHandler
                0x08002cfc                DMA2_Stream4_IRQHandler
                0x08002cfc                USART1_IRQHandler
                0x08002cfc                OTG_FS_IRQHandler
                0x08002cfc                SPI3_IRQHandler
                0x08002cfc                DMA1_Stream4_IRQHandler
                0x08002cfc                I2C1_ER_IRQHandler
                0x08002cfc                DMA2_Stream6_IRQHandler
                0x08002cfc                DMA1_Stream3_IRQHandler
 *fill*         0x08002cfe        0x2 
 .text.__libc_init_array
                0x08002d00       0x48 c:/program files (x86)/atollic/truestudio for stm32 9.3.0/armtools/bin/../lib/gcc/arm-atollic-eabi/6.3.1/../../../../arm-atollic-eabi/lib/armv7e-m/fpu\libc_nano.a(lib_a-init.o)
                0x08002d00                __libc_init_array
 .text.memcpy   0x08002d48       0x16 c:/program files (x86)/atollic/truestudio for stm32 9.3.0/armtools/bin/../lib/gcc/arm-atollic-eabi/6.3.1/../../../../arm-atollic-eabi/lib/armv7e-m/fpu\libc_nano.a(lib_a-memcpy-stub.o)
                0x08002d48                memcpy
 .text.memset   0x08002d5e       0x10 c:/program files (x86)/atollic/truestudio for stm32 9.3.0/armtools/bin/../lib/gcc/arm-atollic-eabi/6.3.1/../../../../arm-atollic-eabi/lib/armv7e-m/fpu\libc_nano.a(lib_a-memset.o)
                0x08002d5e                memset
 *(.glue_7)
 .glue_7        0x08002d6e        0x0 linker stubs
 *(.glue_7t)
 .glue_7t       0x08002d6e        0x0 linker stubs
 *(.eh_frame)
 *fill*         0x08002d6e        0x2 
 .eh_frame      0x08002d70        0x0 c:/program files (x86)/atollic/truestudio for stm32 9.3.0/armtools/bin/../lib/gcc/arm-atollic-eabi/6.3.1/armv7e-m/fpu/crtbegin.o
 *(.init)
 .init          0x08002d70        0x4 c:/program files (x86)/atollic/truestudio for stm32 9.3.0/armtools/bin/../lib/gcc/arm-atollic-eabi/6.3.1/armv7e-m/fpu/crti.o
                0x08002d70                _init
 .init          0x08002d74        0x8 c:/program files (x86)/atollic/truestudio for stm32 9.3.0/armtools/bin/../lib/gcc/arm-atollic-eabi/6.3.1/armv7e-m/fpu/crtn.o
 *(.fini)
 .fini          0x08002d7c        0x4 c:/program files (x86)/atollic/truestudio for stm32 9.3.0/armtools/bin/../lib/gcc/arm-atollic-eabi/6.3.1/armv7e-m/fpu/crti.o
                0x08002d7c                _fini
 .fini          0x08002d80        0x8 c:/program files (x86)/atollic/truestudio for stm32 9.3.0/armtools/bin/../lib/gcc/arm-atollic-eabi/6.3.1/armv7e-m/fpu/crtn.o
                0x08002d88                . = ALIGN (0x4)
                0x08002d88                _etext = .

.vfp11_veneer   0x08002d88        0x0
 .vfp11_veneer  0x08002d88        0x0 linker stubs

.v4_bx          0x08002d88        0x0
 .v4_bx         0x08002d88        0x0 linker stubs

.iplt           0x08002d88        0x0
 .iplt          0x08002d88        0x0 c:/program files (x86)/atollic/truestudio for stm32 9.3.0/armtools/bin/../lib/gcc/arm-atollic-eabi/6.3.1/armv7e-m/fpu/crtbegin.o

.rodata         0x08002d88       0x38
                0x08002d88                . = ALIGN (0x4)
 *(.rodata)
 *(.rodata*)
 .rodata.vTaskStartScheduler.str1.1
                0x08002d88        0x5 Middlewares\Third_Party\FreeRTOS\Source\tasks.o
 .rodata.prvCheckForValidListAndQueue.str1.1
                0x08002d8d        0x5 Middlewares\Third_Party\FreeRTOS\Source\timers.o
 .rodata.xTimerCreateTimerTask.str1.1
                0x08002d92        0x8 Middlewares\Third_Party\FreeRTOS\Source\timers.o
 .rodata.main.str1.1
                0x08002d9a        0xc Src\main.o
 .rodata.AHBPrescTable
                0x08002da6       0x10 Src\system_stm32f4xx.o
                0x08002da6                AHBPrescTable
 .rodata.APBPrescTable
                0x08002db6        0x8 Src\system_stm32f4xx.o
                0x08002db6                APBPrescTable
                0x08002dc0                . = ALIGN (0x4)
 *fill*         0x08002dbe        0x2 

.ARM.extab
 *(.ARM.extab* .gnu.linkonce.armextab.*)

.ARM            0x08002dc0        0x8
                0x08002dc0                __exidx_start = .
 *(.ARM.exidx*)
 .ARM.exidx     0x08002dc0        0x8 c:/program files (x86)/atollic/truestudio for stm32 9.3.0/armtools/bin/../lib/gcc/arm-atollic-eabi/6.3.1/armv7e-m/fpu\libgcc.a(_udivmoddi4.o)
                0x08002dc8                __exidx_end = .

.rel.dyn        0x08002dc8        0x0
 .rel.iplt      0x08002dc8        0x0 c:/program files (x86)/atollic/truestudio for stm32 9.3.0/armtools/bin/../lib/gcc/arm-atollic-eabi/6.3.1/armv7e-m/fpu/crtbegin.o

.preinit_array  0x08002dc8        0x0
                0x08002dc8                PROVIDE (__preinit_array_start, .)
 *(.preinit_array*)
                0x08002dc8                PROVIDE (__preinit_array_end, .)

.init_array     0x08002dc8        0x4
                0x08002dc8                PROVIDE (__init_array_start, .)
 *(SORT(.init_array.*))
 *(.init_array*)
 .init_array    0x08002dc8        0x4 c:/program files (x86)/atollic/truestudio for stm32 9.3.0/armtools/bin/../lib/gcc/arm-atollic-eabi/6.3.1/armv7e-m/fpu/crtbegin.o
                0x08002dcc                PROVIDE (__init_array_end, .)

.fini_array     0x08002dcc        0x4
                [!provide]                PROVIDE (__fini_array_start, .)
 *(SORT(.fini_array.*))
 *(.fini_array*)
 .fini_array    0x08002dcc        0x4 c:/program files (x86)/atollic/truestudio for stm32 9.3.0/armtools/bin/../lib/gcc/arm-atollic-eabi/6.3.1/armv7e-m/fpu/crtbegin.o
                [!provide]                PROVIDE (__fini_array_end, .)
                0x08002dd0                _sidata = LOADADDR (.data)

.data           0x20000000       0x10 load address 0x08002dd0
                0x20000000                . = ALIGN (0x4)
                0x20000000                _sdata = .
 *(.data)
 *(.data*)
 .data.uwTickFreq
                0x20000000        0x1 Drivers\STM32F4xx_HAL_Driver\Src\stm32f4xx_hal.o
                0x20000000                uwTickFreq
 *fill*         0x20000001        0x3 
 .data.uwTickPrio
                0x20000004        0x4 Drivers\STM32F4xx_HAL_Driver\Src\stm32f4xx_hal.o
                0x20000004                uwTickPrio
 .data.uxCriticalNesting
                0x20000008        0x4 Middlewares\Third_Party\FreeRTOS\Source\portable\GCC\ARM_CM4F\port.o
 .data.SystemCoreClock
                0x2000000c        0x4 Src\system_stm32f4xx.o
                0x2000000c                SystemCoreClock
                0x20000010                . = ALIGN (0x4)
                0x20000010                _edata = .
                0x08002de0                _siccmram = LOADADDR (.ccmram)

.igot.plt       0x20000010        0x0 load address 0x08002de0
 .igot.plt      0x20000010        0x0 c:/program files (x86)/atollic/truestudio for stm32 9.3.0/armtools/bin/../lib/gcc/arm-atollic-eabi/6.3.1/armv7e-m/fpu/crtbegin.o

.ccmram         0x10000000        0x0 load address 0x08002de0
                0x10000000                . = ALIGN (0x4)
                0x10000000                _sccmram = .
 *(.ccmram)
 *(.ccmram*)
                0x10000000                . = ALIGN (0x4)
                0x10000000                _eccmram = .
                0x10000000                . = ALIGN (0x4)

.bss            0x20000010     0x496c
                0x20000010                _sbss = .
                0x20000010                __bss_start__ = _sbss
 *(.bss)
 .bss           0x20000010       0x1c c:/program files (x86)/atollic/truestudio for stm32 9.3.0/armtools/bin/../lib/gcc/arm-atollic-eabi/6.3.1/armv7e-m/fpu/crtbegin.o
 *(.bss*)
 .bss.Idle_Stack
                0x2000002c      0x200 Middlewares\Third_Party\FreeRTOS\Source\CMSIS_RTOS_V2\cmsis_os2.o
 .bss.Idle_TCB  0x2000022c       0x54 Middlewares\Third_Party\FreeRTOS\Source\CMSIS_RTOS_V2\cmsis_os2.o
 .bss.KernelState
                0x20000280        0x4 Middlewares\Third_Party\FreeRTOS\Source\CMSIS_RTOS_V2\cmsis_os2.o
 .bss.Timer_Stack
                0x20000284      0x400 Middlewares\Third_Party\FreeRTOS\Source\CMSIS_RTOS_V2\cmsis_os2.o
 .bss.Timer_TCB
                0x20000684       0x54 Middlewares\Third_Party\FreeRTOS\Source\CMSIS_RTOS_V2\cmsis_os2.o
 .bss.ucMaxSysCallPriority
                0x200006d8        0x1 Middlewares\Third_Party\FreeRTOS\Source\portable\GCC\ARM_CM4F\port.o
 *fill*         0x200006d9        0x3 
 .bss.ulMaxPRIGROUPValue
                0x200006dc        0x4 Middlewares\Third_Party\FreeRTOS\Source\portable\GCC\ARM_CM4F\port.o
 .bss.pxEnd     0x200006e0        0x4 Middlewares\Third_Party\FreeRTOS\Source\portable\MemMang\heap_4.o
 .bss.ucHeap    0x200006e4     0x3c00 Middlewares\Third_Party\FreeRTOS\Source\portable\MemMang\heap_4.o
 .bss.xBlockAllocatedBit
                0x200042e4        0x4 Middlewares\Third_Party\FreeRTOS\Source\portable\MemMang\heap_4.o
 .bss.xFreeBytesRemaining
                0x200042e8        0x4 Middlewares\Third_Party\FreeRTOS\Source\portable\MemMang\heap_4.o
 .bss.xMinimumEverFreeBytesRemaining
                0x200042ec        0x4 Middlewares\Third_Party\FreeRTOS\Source\portable\MemMang\heap_4.o
 .bss.xStart    0x200042f0        0x8 Middlewares\Third_Party\FreeRTOS\Source\portable\MemMang\heap_4.o
 .bss.pxCurrentTCB
                0x200042f8        0x4 Middlewares\Third_Party\FreeRTOS\Source\tasks.o
                0x200042f8                pxCurrentTCB
 .bss.pxDelayedTaskList
                0x200042fc        0x4 Middlewares\Third_Party\FreeRTOS\Source\tasks.o
 .bss.pxOverflowDelayedTaskList
                0x20004300        0x4 Middlewares\Third_Party\FreeRTOS\Source\tasks.o
 .bss.pxReadyTasksLists
                0x20004304      0x460 Middlewares\Third_Party\FreeRTOS\Source\tasks.o
 .bss.uxCurrentNumberOfTasks
                0x20004764        0x4 Middlewares\Third_Party\FreeRTOS\Source\tasks.o
 .bss.uxDeletedTasksWaitingCleanUp
                0x20004768        0x4 Middlewares\Third_Party\FreeRTOS\Source\tasks.o
 .bss.uxPendedTicks
                0x2000476c        0x4 Middlewares\Third_Party\FreeRTOS\Source\tasks.o
 .bss.uxSchedulerSuspended
                0x20004770        0x4 Middlewares\Third_Party\FreeRTOS\Source\tasks.o
 .bss.uxTaskNumber
                0x20004774        0x4 Middlewares\Third_Party\FreeRTOS\Source\tasks.o
 .bss.uxTopReadyPriority
                0x20004778        0x4 Middlewares\Third_Party\FreeRTOS\Source\tasks.o
 .bss.xDelayedTaskList1
                0x2000477c       0x14 Middlewares\Third_Party\FreeRTOS\Source\tasks.o
 .bss.xDelayedTaskList2
                0x20004790       0x14 Middlewares\Third_Party\FreeRTOS\Source\tasks.o
 .bss.xNextTaskUnblockTime
                0x200047a4        0x4 Middlewares\Third_Party\FreeRTOS\Source\tasks.o
 .bss.xNumOfOverflows
                0x200047a8        0x4 Middlewares\Third_Party\FreeRTOS\Source\tasks.o
 .bss.xPendingReadyList
                0x200047ac       0x14 Middlewares\Third_Party\FreeRTOS\Source\tasks.o
 .bss.xSchedulerRunning
                0x200047c0        0x4 Middlewares\Third_Party\FreeRTOS\Source\tasks.o
 .bss.xSuspendedTaskList
                0x200047c4       0x14 Middlewares\Third_Party\FreeRTOS\Source\tasks.o
 .bss.xTasksWaitingTermination
                0x200047d8       0x14 Middlewares\Third_Party\FreeRTOS\Source\tasks.o
 .bss.xTickCount
                0x200047ec        0x4 Middlewares\Third_Party\FreeRTOS\Source\tasks.o
 .bss.xYieldPending
                0x200047f0        0x4 Middlewares\Third_Party\FreeRTOS\Source\tasks.o
 .bss.pxCurrentTimerList
                0x200047f4        0x4 Middlewares\Third_Party\FreeRTOS\Source\timers.o
 .bss.pxOverflowTimerList
                0x200047f8        0x4 Middlewares\Third_Party\FreeRTOS\Source\timers.o
 .bss.ucStaticTimerQueueStorage.6621
                0x200047fc       0x78 Middlewares\Third_Party\FreeRTOS\Source\timers.o
 .bss.xActiveTimerList1
                0x20004874       0x14 Middlewares\Third_Party\FreeRTOS\Source\timers.o
 .bss.xActiveTimerList2
                0x20004888       0x14 Middlewares\Third_Party\FreeRTOS\Source\timers.o
 .bss.xLastTime.6572
                0x2000489c        0x4 Middlewares\Third_Party\FreeRTOS\Source\timers.o
 .bss.xStaticTimerQueue.6620
                0x200048a0       0x48 Middlewares\Third_Party\FreeRTOS\Source\timers.o
 .bss.xTimerQueue
                0x200048e8        0x4 Middlewares\Third_Party\FreeRTOS\Source\timers.o
 .bss.xTimerTaskHandle
                0x200048ec        0x4 Middlewares\Third_Party\FreeRTOS\Source\timers.o
 *(COMMON)
 COMMON         0x200048f0        0x4 Drivers\STM32F4xx_HAL_Driver\Src\stm32f4xx_hal.o
                0x200048f0                uwTick
 COMMON         0x200048f4       0x40 Middlewares\Third_Party\FreeRTOS\Source\queue.o
                0x200048f4                xQueueRegistry
 COMMON         0x20004934        0x8 Src\main.o
                0x20004934                Task1Handle
                0x20004938                Task2Handle
 COMMON         0x2000493c       0x40 Src\stm32f4xx_hal_timebase_tim.o
                0x2000493c                htim7
                0x2000497c                . = ALIGN (0x4)
                0x2000497c                _ebss = .
                0x2000497c                __bss_end__ = _ebss

._user_heap_stack
                0x2000497c      0x600
                0x2000497c                . = ALIGN (0x4)
                0x2000497c                PROVIDE (end, .)
                [!provide]                PROVIDE (_end, .)
                0x20004b7c                . = (. + _Min_Heap_Size)
 *fill*         0x2000497c      0x200 
                0x20004f7c                . = (. + _Min_Stack_Size)
 *fill*         0x20004b7c      0x400 
                0x20004f7c                . = ALIGN (0x4)

/DISCARD/
 libc.a(*)
 libm.a(*)
 libgcc.a(*)

.ARM.attributes
                0x00000000       0x30
 *(.ARM.attributes)
 .ARM.attributes
                0x00000000       0x22 c:/program files (x86)/atollic/truestudio for stm32 9.3.0/armtools/bin/../lib/gcc/arm-atollic-eabi/6.3.1/armv7e-m/fpu/crti.o
 .ARM.attributes
                0x00000022       0x34 c:/program files (x86)/atollic/truestudio for stm32 9.3.0/armtools/bin/../lib/gcc/arm-atollic-eabi/6.3.1/armv7e-m/fpu/crtbegin.o
 .ARM.attributes
                0x00000056       0x39 Drivers\STM32F4xx_HAL_Driver\Src\stm32f4xx_hal.o
 .ARM.attributes
                0x0000008f       0x39 Drivers\STM32F4xx_HAL_Driver\Src\stm32f4xx_hal_cortex.o
 .ARM.attributes
                0x000000c8       0x39 Drivers\STM32F4xx_HAL_Driver\Src\stm32f4xx_hal_gpio.o
 .ARM.attributes
                0x00000101       0x39 Drivers\STM32F4xx_HAL_Driver\Src\stm32f4xx_hal_rcc.o
 .ARM.attributes
                0x0000013a       0x39 Drivers\STM32F4xx_HAL_Driver\Src\stm32f4xx_hal_tim.o
 .ARM.attributes
                0x00000173       0x39 Drivers\STM32F4xx_HAL_Driver\Src\stm32f4xx_hal_tim_ex.o
 .ARM.attributes
                0x000001ac       0x39 Middlewares\Third_Party\FreeRTOS\Source\CMSIS_RTOS_V2\cmsis_os2.o
 .ARM.attributes
                0x000001e5       0x39 Middlewares\Third_Party\FreeRTOS\Source\list.o
 .ARM.attributes
                0x0000021e       0x39 Middlewares\Third_Party\FreeRTOS\Source\portable\GCC\ARM_CM4F\port.o
 .ARM.attributes
                0x00000257       0x39 Middlewares\Third_Party\FreeRTOS\Source\portable\MemMang\heap_4.o
 .ARM.attributes
                0x00000290       0x39 Middlewares\Third_Party\FreeRTOS\Source\queue.o
 .ARM.attributes
                0x000002c9       0x39 Middlewares\Third_Party\FreeRTOS\Source\tasks.o
 .ARM.attributes
                0x00000302       0x39 Middlewares\Third_Party\FreeRTOS\Source\timers.o
 .ARM.attributes
                0x0000033b       0x39 Src\main.o
 .ARM.attributes
                0x00000374       0x39 Src\stm32f4xx_hal_msp.o
 .ARM.attributes
                0x000003ad       0x39 Src\stm32f4xx_hal_timebase_tim.o
 .ARM.attributes
                0x000003e6       0x39 Src\stm32f4xx_it.o
 .ARM.attributes
                0x0000041f       0x39 Src\system_stm32f4xx.o
 .ARM.attributes
                0x00000458       0x21 startup\startup_stm32f407xx.o
 .ARM.attributes
                0x00000479       0x34 c:/program files (x86)/atollic/truestudio for stm32 9.3.0/armtools/bin/../lib/gcc/arm-atollic-eabi/6.3.1/../../../../arm-atollic-eabi/lib/armv7e-m/fpu\libc_nano.a(lib_a-init.o)
 .ARM.attributes
                0x000004ad       0x34 c:/program files (x86)/atollic/truestudio for stm32 9.3.0/armtools/bin/../lib/gcc/arm-atollic-eabi/6.3.1/../../../../arm-atollic-eabi/lib/armv7e-m/fpu\libc_nano.a(lib_a-memcpy-stub.o)
 .ARM.attributes
                0x000004e1       0x34 c:/program files (x86)/atollic/truestudio for stm32 9.3.0/armtools/bin/../lib/gcc/arm-atollic-eabi/6.3.1/../../../../arm-atollic-eabi/lib/armv7e-m/fpu\libc_nano.a(lib_a-memset.o)
 .ARM.attributes
                0x00000515       0x22 c:/program files (x86)/atollic/truestudio for stm32 9.3.0/armtools/bin/../lib/gcc/arm-atollic-eabi/6.3.1/armv7e-m/fpu\libgcc.a(_aeabi_uldivmod.o)
 .ARM.attributes
                0x00000537       0x34 c:/program files (x86)/atollic/truestudio for stm32 9.3.0/armtools/bin/../lib/gcc/arm-atollic-eabi/6.3.1/armv7e-m/fpu\libgcc.a(_udivmoddi4.o)
 .ARM.attributes
                0x0000056b       0x22 c:/program files (x86)/atollic/truestudio for stm32 9.3.0/armtools/bin/../lib/gcc/arm-atollic-eabi/6.3.1/armv7e-m/fpu\libgcc.a(_dvmd_tls.o)
 .ARM.attributes
                0x0000058d       0x22 c:/program files (x86)/atollic/truestudio for stm32 9.3.0/armtools/bin/../lib/gcc/arm-atollic-eabi/6.3.1/armv7e-m/fpu/crtn.o
OUTPUT(00.elf elf32-littlearm)

.debug_info     0x00000000    0x18334
 .debug_info    0x00000000      0xa14 Drivers\STM32F4xx_HAL_Driver\Src\stm32f4xx_hal.o
 .debug_info    0x00000a14      0xf8a Drivers\STM32F4xx_HAL_Driver\Src\stm32f4xx_hal_cortex.o
 .debug_info    0x0000199e      0x7c6 Drivers\STM32F4xx_HAL_Driver\Src\stm32f4xx_hal_gpio.o
 .debug_info    0x00002164      0xaad Drivers\STM32F4xx_HAL_Driver\Src\stm32f4xx_hal_rcc.o
 .debug_info    0x00002c11     0x3521 Drivers\STM32F4xx_HAL_Driver\Src\stm32f4xx_hal_tim.o
 .debug_info    0x00006132     0x134f Drivers\STM32F4xx_HAL_Driver\Src\stm32f4xx_hal_tim_ex.o
 .debug_info    0x00007481     0x495c Middlewares\Third_Party\FreeRTOS\Source\CMSIS_RTOS_V2\cmsis_os2.o
 .debug_info    0x0000bddd      0xac5 Middlewares\Third_Party\FreeRTOS\Source\list.o
 .debug_info    0x0000c8a2      0x572 Middlewares\Third_Party\FreeRTOS\Source\portable\GCC\ARM_CM4F\port.o
 .debug_info    0x0000ce14      0xca5 Middlewares\Third_Party\FreeRTOS\Source\portable\MemMang\heap_4.o
 .debug_info    0x0000dab9     0x2b80 Middlewares\Third_Party\FreeRTOS\Source\queue.o
 .debug_info    0x00010639     0x2e95 Middlewares\Third_Party\FreeRTOS\Source\tasks.o
 .debug_info    0x000134ce     0x1e8a Middlewares\Third_Party\FreeRTOS\Source\timers.o
 .debug_info    0x00015358     0x117d Src\main.o
 .debug_info    0x000164d5      0x5b1 Src\stm32f4xx_hal_msp.o
 .debug_info    0x00016a86      0xbf3 Src\stm32f4xx_hal_timebase_tim.o
 .debug_info    0x00017679      0x6d3 Src\stm32f4xx_it.o
 .debug_info    0x00017d4c      0x55b Src\system_stm32f4xx.o
 .debug_info    0x000182a7       0x8d startup\startup_stm32f407xx.o

.debug_abbrev   0x00000000     0x300a
 .debug_abbrev  0x00000000      0x239 Drivers\STM32F4xx_HAL_Driver\Src\stm32f4xx_hal.o
 .debug_abbrev  0x00000239      0x314 Drivers\STM32F4xx_HAL_Driver\Src\stm32f4xx_hal_cortex.o
 .debug_abbrev  0x0000054d      0x1ef Drivers\STM32F4xx_HAL_Driver\Src\stm32f4xx_hal_gpio.o
 .debug_abbrev  0x0000073c      0x2cb Drivers\STM32F4xx_HAL_Driver\Src\stm32f4xx_hal_rcc.o
 .debug_abbrev  0x00000a07      0x324 Drivers\STM32F4xx_HAL_Driver\Src\stm32f4xx_hal_tim.o
 .debug_abbrev  0x00000d2b      0x29c Drivers\STM32F4xx_HAL_Driver\Src\stm32f4xx_hal_tim_ex.o
 .debug_abbrev  0x00000fc7      0x472 Middlewares\Third_Party\FreeRTOS\Source\CMSIS_RTOS_V2\cmsis_os2.o
 .debug_abbrev  0x00001439      0x1ea Middlewares\Third_Party\FreeRTOS\Source\list.o
 .debug_abbrev  0x00001623      0x23a Middlewares\Third_Party\FreeRTOS\Source\portable\GCC\ARM_CM4F\port.o
 .debug_abbrev  0x0000185d      0x314 Middlewares\Third_Party\FreeRTOS\Source\portable\MemMang\heap_4.o
 .debug_abbrev  0x00001b71      0x404 Middlewares\Third_Party\FreeRTOS\Source\queue.o
 .debug_abbrev  0x00001f75      0x41a Middlewares\Third_Party\FreeRTOS\Source\tasks.o
 .debug_abbrev  0x0000238f      0x3c1 Middlewares\Third_Party\FreeRTOS\Source\timers.o
 .debug_abbrev  0x00002750      0x2c0 Src\main.o
 .debug_abbrev  0x00002a10      0x137 Src\stm32f4xx_hal_msp.o
 .debug_abbrev  0x00002b47      0x1e7 Src\stm32f4xx_hal_timebase_tim.o
 .debug_abbrev  0x00002d2e      0x1a4 Src\stm32f4xx_it.o
 .debug_abbrev  0x00002ed2      0x126 Src\system_stm32f4xx.o
 .debug_abbrev  0x00002ff8       0x12 startup\startup_stm32f407xx.o

.debug_loc      0x00000000     0xac64
 .debug_loc     0x00000000      0x12e Drivers\STM32F4xx_HAL_Driver\Src\stm32f4xx_hal.o
 .debug_loc     0x0000012e      0x4fb Drivers\STM32F4xx_HAL_Driver\Src\stm32f4xx_hal_cortex.o
 .debug_loc     0x00000629      0x357 Drivers\STM32F4xx_HAL_Driver\Src\stm32f4xx_hal_gpio.o
 .debug_loc     0x00000980      0x346 Drivers\STM32F4xx_HAL_Driver\Src\stm32f4xx_hal_rcc.o
 .debug_loc     0x00000cc6     0x3009 Drivers\STM32F4xx_HAL_Driver\Src\stm32f4xx_hal_tim.o
 .debug_loc     0x00003ccf      0xa7c Drivers\STM32F4xx_HAL_Driver\Src\stm32f4xx_hal_tim_ex.o
 .debug_loc     0x0000474b     0x2b14 Middlewares\Third_Party\FreeRTOS\Source\CMSIS_RTOS_V2\cmsis_os2.o
 .debug_loc     0x0000725f       0x94 Middlewares\Third_Party\FreeRTOS\Source\list.o
 .debug_loc     0x000072f3       0xcf Middlewares\Third_Party\FreeRTOS\Source\portable\GCC\ARM_CM4F\port.o
 .debug_loc     0x000073c2      0x390 Middlewares\Third_Party\FreeRTOS\Source\portable\MemMang\heap_4.o
 .debug_loc     0x00007752     0x13db Middlewares\Third_Party\FreeRTOS\Source\queue.o
 .debug_loc     0x00008b2d     0x14bc Middlewares\Third_Party\FreeRTOS\Source\tasks.o
 .debug_loc     0x00009fe9      0xa4c Middlewares\Third_Party\FreeRTOS\Source\timers.o
 .debug_loc     0x0000aa35       0x6e Src\main.o
 .debug_loc     0x0000aaa3       0xa5 Src\stm32f4xx_hal_timebase_tim.o
 .debug_loc     0x0000ab48      0x11c Src\system_stm32f4xx.o

.debug_aranges  0x00000000      0xd78
 .debug_aranges
                0x00000000       0xe8 Drivers\STM32F4xx_HAL_Driver\Src\stm32f4xx_hal.o
 .debug_aranges
                0x000000e8       0xa8 Drivers\STM32F4xx_HAL_Driver\Src\stm32f4xx_hal_cortex.o
 .debug_aranges
                0x00000190       0x58 Drivers\STM32F4xx_HAL_Driver\Src\stm32f4xx_hal_gpio.o
 .debug_aranges
                0x000001e8       0x88 Drivers\STM32F4xx_HAL_Driver\Src\stm32f4xx_hal_rcc.o
 .debug_aranges
                0x00000270      0x278 Drivers\STM32F4xx_HAL_Driver\Src\stm32f4xx_hal_tim.o
 .debug_aranges
                0x000004e8       0xf8 Drivers\STM32F4xx_HAL_Driver\Src\stm32f4xx_hal_tim_ex.o
 .debug_aranges
                0x000005e0      0x218 Middlewares\Third_Party\FreeRTOS\Source\CMSIS_RTOS_V2\cmsis_os2.o
 .debug_aranges
                0x000007f8       0x40 Middlewares\Third_Party\FreeRTOS\Source\list.o
 .debug_aranges
                0x00000838       0x80 Middlewares\Third_Party\FreeRTOS\Source\portable\GCC\ARM_CM4F\port.o
 .debug_aranges
                0x000008b8       0x48 Middlewares\Third_Party\FreeRTOS\Source\portable\MemMang\heap_4.o
 .debug_aranges
                0x00000900      0x118 Middlewares\Third_Party\FreeRTOS\Source\queue.o
 .debug_aranges
                0x00000a18      0x1a0 Middlewares\Third_Party\FreeRTOS\Source\tasks.o
 .debug_aranges
                0x00000bb8       0x90 Middlewares\Third_Party\FreeRTOS\Source\timers.o
 .debug_aranges
                0x00000c48       0x48 Src\main.o
 .debug_aranges
                0x00000c90       0x20 Src\stm32f4xx_hal_msp.o
 .debug_aranges
                0x00000cb0       0x30 Src\stm32f4xx_hal_timebase_tim.o
 .debug_aranges
                0x00000ce0       0x48 Src\stm32f4xx_it.o
 .debug_aranges
                0x00000d28       0x28 Src\system_stm32f4xx.o
 .debug_aranges
                0x00000d50       0x28 startup\startup_stm32f407xx.o

.debug_ranges   0x00000000     0x1138
 .debug_ranges  0x00000000       0xd8 Drivers\STM32F4xx_HAL_Driver\Src\stm32f4xx_hal.o
 .debug_ranges  0x000000d8      0x128 Drivers\STM32F4xx_HAL_Driver\Src\stm32f4xx_hal_cortex.o
 .debug_ranges  0x00000200       0x68 Drivers\STM32F4xx_HAL_Driver\Src\stm32f4xx_hal_gpio.o
 .debug_ranges  0x00000268       0xb0 Drivers\STM32F4xx_HAL_Driver\Src\stm32f4xx_hal_rcc.o
 .debug_ranges  0x00000318      0x340 Drivers\STM32F4xx_HAL_Driver\Src\stm32f4xx_hal_tim.o
 .debug_ranges  0x00000658       0xe8 Drivers\STM32F4xx_HAL_Driver\Src\stm32f4xx_hal_tim_ex.o
 .debug_ranges  0x00000740      0x208 Middlewares\Third_Party\FreeRTOS\Source\CMSIS_RTOS_V2\cmsis_os2.o
 .debug_ranges  0x00000948       0x30 Middlewares\Third_Party\FreeRTOS\Source\list.o
 .debug_ranges  0x00000978       0x70 Middlewares\Third_Party\FreeRTOS\Source\portable\GCC\ARM_CM4F\port.o
 .debug_ranges  0x000009e8       0x38 Middlewares\Third_Party\FreeRTOS\Source\portable\MemMang\heap_4.o
 .debug_ranges  0x00000a20      0x248 Middlewares\Third_Party\FreeRTOS\Source\queue.o
 .debug_ranges  0x00000c68      0x238 Middlewares\Third_Party\FreeRTOS\Source\tasks.o
 .debug_ranges  0x00000ea0      0x150 Middlewares\Third_Party\FreeRTOS\Source\timers.o
 .debug_ranges  0x00000ff0       0x70 Src\main.o
 .debug_ranges  0x00001060       0x28 Src\stm32f4xx_hal_msp.o
 .debug_ranges  0x00001088       0x40 Src\stm32f4xx_hal_timebase_tim.o
 .debug_ranges  0x000010c8       0x38 Src\stm32f4xx_it.o
 .debug_ranges  0x00001100       0x18 Src\system_stm32f4xx.o
 .debug_ranges  0x00001118       0x20 startup\startup_stm32f407xx.o

.debug_line     0x00000000     0x738a
 .debug_line    0x00000000      0x420 Drivers\STM32F4xx_HAL_Driver\Src\stm32f4xx_hal.o
 .debug_line    0x00000420      0x469 Drivers\STM32F4xx_HAL_Driver\Src\stm32f4xx_hal_cortex.o
 .debug_line    0x00000889      0x3f2 Drivers\STM32F4xx_HAL_Driver\Src\stm32f4xx_hal_gpio.o
 .debug_line    0x00000c7b      0x51a Drivers\STM32F4xx_HAL_Driver\Src\stm32f4xx_hal_rcc.o
 .debug_line    0x00001195     0x1197 Drivers\STM32F4xx_HAL_Driver\Src\stm32f4xx_hal_tim.o
 .debug_line    0x0000232c      0x6b4 Drivers\STM32F4xx_HAL_Driver\Src\stm32f4xx_hal_tim_ex.o
 .debug_line    0x000029e0     0x1434 Middlewares\Third_Party\FreeRTOS\Source\CMSIS_RTOS_V2\cmsis_os2.o
 .debug_line    0x00003e14      0x367 Middlewares\Third_Party\FreeRTOS\Source\list.o
 .debug_line    0x0000417b      0x36b Middlewares\Third_Party\FreeRTOS\Source\portable\GCC\ARM_CM4F\port.o
 .debug_line    0x000044e6      0x415 Middlewares\Third_Party\FreeRTOS\Source\portable\MemMang\heap_4.o
 .debug_line    0x000048fb      0xa72 Middlewares\Third_Party\FreeRTOS\Source\queue.o
 .debug_line    0x0000536d      0xcb4 Middlewares\Third_Party\FreeRTOS\Source\tasks.o
 .debug_line    0x00006021      0x5fa Middlewares\Third_Party\FreeRTOS\Source\timers.o
 .debug_line    0x0000661b      0x3cb Src\main.o
 .debug_line    0x000069e6      0x202 Src\stm32f4xx_hal_msp.o
 .debug_line    0x00006be8      0x2a3 Src\stm32f4xx_hal_timebase_tim.o
 .debug_line    0x00006e8b      0x273 Src\stm32f4xx_it.o
 .debug_line    0x000070fe      0x20d Src\system_stm32f4xx.o
 .debug_line    0x0000730b       0x7f startup\startup_stm32f407xx.o

.debug_str      0x00000000     0x5e7b
 .debug_str     0x00000000      0xb6e Drivers\STM32F4xx_HAL_Driver\Src\stm32f4xx_hal.o
                                0xbd7 (size before relaxing)
 .debug_str     0x00000b6e      0x4a1 Drivers\STM32F4xx_HAL_Driver\Src\stm32f4xx_hal_cortex.o
                                0xd16 (size before relaxing)
 .debug_str     0x0000100f      0x1de Drivers\STM32F4xx_HAL_Driver\Src\stm32f4xx_hal_gpio.o
                                0x5dc (size before relaxing)
 .debug_str     0x000011ed      0x2f4 Drivers\STM32F4xx_HAL_Driver\Src\stm32f4xx_hal_rcc.o
                                0x7ba (size before relaxing)
 .debug_str     0x000014e1     0x122a Drivers\STM32F4xx_HAL_Driver\Src\stm32f4xx_hal_tim.o
                               0x15b9 (size before relaxing)
 .debug_str     0x0000270b      0x548 Drivers\STM32F4xx_HAL_Driver\Src\stm32f4xx_hal_tim_ex.o
                                0xdd1 (size before relaxing)
 .debug_str     0x00002c53     0x1a40 Middlewares\Third_Party\FreeRTOS\Source\CMSIS_RTOS_V2\cmsis_os2.o
                               0x1cf6 (size before relaxing)
 .debug_str     0x00004693      0x143 Middlewares\Third_Party\FreeRTOS\Source\list.o
                                0x768 (size before relaxing)
 .debug_str     0x000047d6      0x250 Middlewares\Third_Party\FreeRTOS\Source\portable\GCC\ARM_CM4F\port.o
                                0x4ae (size before relaxing)
 .debug_str     0x00004a26      0x1e8 Middlewares\Third_Party\FreeRTOS\Source\portable\MemMang\heap_4.o
                                0x851 (size before relaxing)
 .debug_str     0x00004c0e      0x55e Middlewares\Third_Party\FreeRTOS\Source\queue.o
                               0x1031 (size before relaxing)
 .debug_str     0x0000516c      0x73b Middlewares\Third_Party\FreeRTOS\Source\tasks.o
                               0x145a (size before relaxing)
 .debug_str     0x000058a7      0x3eb Middlewares\Third_Party\FreeRTOS\Source\timers.o
                                0xf41 (size before relaxing)
 .debug_str     0x00005c92       0xae Src\main.o
                                0xf88 (size before relaxing)
 .debug_str     0x00005d40       0x1b Src\stm32f4xx_hal_msp.o
                                0x8c7 (size before relaxing)
 .debug_str     0x00005d5b       0x50 Src\stm32f4xx_hal_timebase_tim.o
                                0xe47 (size before relaxing)
 .debug_str     0x00005dab       0x8b Src\stm32f4xx_it.o
                                0x762 (size before relaxing)
 .debug_str     0x00005e36       0x45 Src\system_stm32f4xx.o
                                0x440 (size before relaxing)

.comment        0x00000000       0x7c
 .comment       0x00000000       0x7c Drivers\STM32F4xx_HAL_Driver\Src\stm32f4xx_hal.o
                                 0x7d (size before relaxing)
 .comment       0x0000007c       0x7d Drivers\STM32F4xx_HAL_Driver\Src\stm32f4xx_hal_cortex.o
 .comment       0x0000007c       0x7d Drivers\STM32F4xx_HAL_Driver\Src\stm32f4xx_hal_gpio.o
 .comment       0x0000007c       0x7d Drivers\STM32F4xx_HAL_Driver\Src\stm32f4xx_hal_rcc.o
 .comment       0x0000007c       0x7d Drivers\STM32F4xx_HAL_Driver\Src\stm32f4xx_hal_tim.o
 .comment       0x0000007c       0x7d Drivers\STM32F4xx_HAL_Driver\Src\stm32f4xx_hal_tim_ex.o
 .comment       0x0000007c       0x7d Middlewares\Third_Party\FreeRTOS\Source\CMSIS_RTOS_V2\cmsis_os2.o
 .comment       0x0000007c       0x7d Middlewares\Third_Party\FreeRTOS\Source\list.o
 .comment       0x0000007c       0x7d Middlewares\Third_Party\FreeRTOS\Source\portable\GCC\ARM_CM4F\port.o
 .comment       0x0000007c       0x7d Middlewares\Third_Party\FreeRTOS\Source\portable\MemMang\heap_4.o
 .comment       0x0000007c       0x7d Middlewares\Third_Party\FreeRTOS\Source\queue.o
 .comment       0x0000007c       0x7d Middlewares\Third_Party\FreeRTOS\Source\tasks.o
 .comment       0x0000007c       0x7d Middlewares\Third_Party\FreeRTOS\Source\timers.o
 .comment       0x0000007c       0x7d Src\main.o
 .comment       0x0000007c       0x7d Src\stm32f4xx_hal_msp.o
 .comment       0x0000007c       0x7d Src\stm32f4xx_hal_timebase_tim.o
 .comment       0x0000007c       0x7d Src\stm32f4xx_it.o
 .comment       0x0000007c       0x7d Src\system_stm32f4xx.o

.debug_frame    0x00000000     0x27b8
 .debug_frame   0x00000000      0x1f4 Drivers\STM32F4xx_HAL_Driver\Src\stm32f4xx_hal.o
 .debug_frame   0x000001f4      0x158 Drivers\STM32F4xx_HAL_Driver\Src\stm32f4xx_hal_cortex.o
 .debug_frame   0x0000034c       0xd8 Drivers\STM32F4xx_HAL_Driver\Src\stm32f4xx_hal_gpio.o
 .debug_frame   0x00000424      0x13c Drivers\STM32F4xx_HAL_Driver\Src\stm32f4xx_hal_rcc.o
 .debug_frame   0x00000560      0x928 Drivers\STM32F4xx_HAL_Driver\Src\stm32f4xx_hal_tim.o
 .debug_frame   0x00000e88      0x360 Drivers\STM32F4xx_HAL_Driver\Src\stm32f4xx_hal_tim_ex.o
 .debug_frame   0x000011e8      0x65c Middlewares\Third_Party\FreeRTOS\Source\CMSIS_RTOS_V2\cmsis_os2.o
 .debug_frame   0x00001844       0x6c Middlewares\Third_Party\FreeRTOS\Source\list.o
 .debug_frame   0x000018b0       0xfc Middlewares\Third_Party\FreeRTOS\Source\portable\GCC\ARM_CM4F\port.o
 .debug_frame   0x000019ac       0x98 Middlewares\Third_Party\FreeRTOS\Source\portable\MemMang\heap_4.o
 .debug_frame   0x00001a44      0x3ac Middlewares\Third_Party\FreeRTOS\Source\queue.o
 .debug_frame   0x00001df0      0x56c Middlewares\Third_Party\FreeRTOS\Source\tasks.o
 .debug_frame   0x0000235c      0x1bc Middlewares\Third_Party\FreeRTOS\Source\timers.o
 .debug_frame   0x00002518       0x98 Src\main.o
 .debug_frame   0x000025b0       0x28 Src\stm32f4xx_hal_msp.o
 .debug_frame   0x000025d8       0x54 Src\stm32f4xx_hal_timebase_tim.o
 .debug_frame   0x0000262c       0x80 Src\stm32f4xx_it.o
 .debug_frame   0x000026ac       0x38 Src\system_stm32f4xx.o
 .debug_frame   0x000026e4       0x2c c:/program files (x86)/atollic/truestudio for stm32 9.3.0/armtools/bin/../lib/gcc/arm-atollic-eabi/6.3.1/../../../../arm-atollic-eabi/lib/armv7e-m/fpu\libc_nano.a(lib_a-init.o)
 .debug_frame   0x00002710       0x28 c:/program files (x86)/atollic/truestudio for stm32 9.3.0/armtools/bin/../lib/gcc/arm-atollic-eabi/6.3.1/../../../../arm-atollic-eabi/lib/armv7e-m/fpu\libc_nano.a(lib_a-memcpy-stub.o)
 .debug_frame   0x00002738       0x20 c:/program files (x86)/atollic/truestudio for stm32 9.3.0/armtools/bin/../lib/gcc/arm-atollic-eabi/6.3.1/../../../../arm-atollic-eabi/lib/armv7e-m/fpu\libc_nano.a(lib_a-memset.o)
 .debug_frame   0x00002758       0x2c c:/program files (x86)/atollic/truestudio for stm32 9.3.0/armtools/bin/../lib/gcc/arm-atollic-eabi/6.3.1/armv7e-m/fpu\libgcc.a(_aeabi_uldivmod.o)
 .debug_frame   0x00002784       0x34 c:/program files (x86)/atollic/truestudio for stm32 9.3.0/armtools/bin/../lib/gcc/arm-atollic-eabi/6.3.1/armv7e-m/fpu\libgcc.a(_udivmoddi4.o)
